Start nonterminal: ABVC
(AC) -> (AD)(BD)
(AC) -> eps
(AC) -> [BD] | [CD]
contextually free grammar not in Chomsky normal form