LexToken(START_NON_TERM,'S',1,0)
LexToken(EQ,'=',1,3)
LexToken(TERM,'a',1,4)
LexToken(START_NON_TERM,'S',1,7)
LexToken(TERM,'a',1,10)
LexToken(END,';',1,13)
LexToken(START_NON_TERM,'S',2,0)
LexToken(EQ,'=',2,3)
LexToken(TERM,'b',2,4)
LexToken(START_NON_TERM,'S',2,7)
LexToken(TERM,'b',2,10)
LexToken(END,';',2,13)
LexToken(START_NON_TERM,'S',3,0)
LexToken(EQ,'=',3,3)
LexToken(TERM,'a',3,4)
LexToken(END,';',3,7)
LexToken(START_NON_TERM,'S',4,0)
LexToken(EQ,'=',4,3)
LexToken(TERM,'b',4,4)
LexToken(END,';',4,7)
LexToken(START_NON_TERM,'S',5,0)
LexToken(EQ,'=',5,3)
LexToken(EPSILON,'E',5,4)
LexToken(END,';',5,7)
